// Jest Snapshot v1, https://goo.gl/fbAQLP

exports[`matches snapshot 1`] = `
<DocumentFragment>
  <div>
    <div>
      <form>
        <label
          for="newTodo"
        >
          New Todo
        </label>
        <input
          id="newTodo"
          name="newTodo"
          type="text"
          value=""
        />
        <button>
          Add
        </button>
      </form>
    </div>
    <ul />
  </div>
</DocumentFragment>
`;
